// Jest Snapshot v1, https://goo.gl/fbAQLP

exports[`Pruebas en CounterApp component. debe de hacer match con el snapshot. 1`] = `
<Fragment>
  <h1>
    CounterApp
  </h1>
  <h2>
    12
  </h2>
  <button
    onClick={[Function]}
  >
    +1
  </button>
  <button
    onClick={[Function]}
  >
    Reset
  </button>
  <button
    onClick={[Function]}
  >
    -1
  </button>
</Fragment>
`;
