// Jest Snapshot v1, https://goo.gl/fbAQLP

exports[`Pruebas en PrimeraApp. debe renderizar PrimeraApp correctamente. 1`] = `
<Fragment>
  <h1>
    Hola, soy Luke!
  </h1>
  <p>
    Soy un subt√≠tulo
  </p>
</Fragment>
`;
